main.c:100:6:get_C6	16	static
main.c:108:6:get_E6	16	static
main.c:116:6:get_G6	16	static
main.c:125:6:get_A6	16	static
main.c:133:6:get_B6	16	static
main.c:141:6:get_B5	16	static
main.c:148:6:printWelcome	8	static
main.c:186:6:printPause	8	static
main.c:224:6:refreshAndPrint	8	static
main.c:288:5:main	144	static
main.c:434:6:SystemClock_Config	96	static
main.c:483:13:MX_DAC1_Init	48	static
main.c:524:13:MX_QUADSPI_Init	8	static
main.c:557:13:MX_TIM2_Init	40	static
main.c:602:13:MX_USART1_UART_Init	8	static
main.c:635:13:MX_DMA_Init	16	static
main.c:653:13:MX_GPIO_Init	48	static
main.c:731:6:control	8	static
main.c:753:6:button_pressed_task	16	static
main.c:874:6:HAL_DAC_ConvCpltCallbackCh1	40	static
main.c:944:6:StartDefaultTask	16	static
main.c:963:6:HAL_TIM_PeriodElapsedCallback	16	static
main.c:980:6:Error_Handler	4	static,ignoring_inline_asm
