main.c:102:6:get_C6	16	static
main.c:110:6:get_E6	16	static
main.c:118:6:get_G6	16	static
main.c:127:6:get_A6	16	static
main.c:135:6:get_B6	16	static
main.c:143:6:get_B5	16	static
main.c:150:6:printWelcome	8	static
main.c:193:6:printFailed	8	static
main.c:232:6:printSuccess	8	static
main.c:271:6:printPause	8	static
main.c:310:6:refreshAndPrint	8	static
main.c:389:5:main	144	static
main.c:535:6:SystemClock_Config	96	static
main.c:584:13:MX_DAC1_Init	48	static
main.c:625:13:MX_QUADSPI_Init	8	static
main.c:658:13:MX_TIM2_Init	40	static
main.c:703:13:MX_USART1_UART_Init	8	static
main.c:736:13:MX_DMA_Init	16	static
main.c:754:13:MX_GPIO_Init	48	static
main.c:832:6:control	8	static
main.c:881:6:button_pressed_task	16	static
main.c:1007:6:HAL_DAC_ConvCpltCallbackCh1	40	static
main.c:1078:6:StartDefaultTask	16	static
main.c:1097:6:HAL_TIM_PeriodElapsedCallback	16	static
main.c:1114:6:Error_Handler	4	static,ignoring_inline_asm
