main.c:79:6:get_C6	16	static
main.c:87:6:get_E6	16	static
main.c:95:6:get_G6	16	static
main.c:104:6:get_A6	16	static
main.c:112:6:get_B6	16	static
main.c:120:6:get_B5	16	static
main.c:131:5:main	56	static
main.c:255:6:SystemClock_Config	96	static
main.c:304:13:MX_DAC1_Init	48	static
main.c:345:13:MX_QUADSPI_Init	8	static
main.c:378:13:MX_TIM2_Init	40	static
main.c:421:13:MX_DMA_Init	16	static
main.c:439:13:MX_GPIO_Init	48	static
main.c:470:6:HAL_DAC_ConvCpltCallbackCh1	32	static
main.c:531:6:HAL_TIM_PeriodElapsedCallback	16	static
main.c:548:6:Error_Handler	4	static,ignoring_inline_asm
