main.c:85:6:get_C6	16	static
main.c:93:6:get_E6	16	static
main.c:101:6:get_G6	16	static
main.c:110:6:get_A6	16	static
main.c:118:6:get_B6	16	static
main.c:126:6:get_B5	16	static
main.c:137:5:main	56	static
main.c:275:6:SystemClock_Config	96	static
main.c:324:13:MX_DAC1_Init	48	static
main.c:365:13:MX_QUADSPI_Init	8	static
main.c:398:13:MX_TIM2_Init	40	static
main.c:441:13:MX_DMA_Init	16	static
main.c:459:13:MX_GPIO_Init	48	static
main.c:502:6:HAL_DAC_ConvCpltCallbackCh1	32	static
main.c:578:6:HAL_TIM_PeriodElapsedCallback	16	static
main.c:595:6:Error_Handler	4	static,ignoring_inline_asm
